<?php return array (
  0 => 'Symfony\\Component\\Routing\\Generator\\UrlGenerator',
  1 => 'Symfony\\Component\\Routing\\RequestContext',
  2 => 'Symfony\\Component\\Routing\\Router',
  3 => 'Symfony\\Bundle\\FrameworkBundle\\Routing\\RedirectableUrlMatcher',
  4 => 'Symfony\\Bundle\\FrameworkBundle\\Routing\\Router',
  5 => 'Symfony\\Component\\Config\\FileLocator',
  6 => 'Symfony\\Component\\Debug\\ErrorHandler',
  7 => 'Symfony\\Component\\EventDispatcher\\Event',
  8 => 'Symfony\\Component\\EventDispatcher\\ContainerAwareEventDispatcher',
  9 => 'Symfony\\Component\\HttpKernel\\EventListener\\ResponseListener',
  10 => 'Symfony\\Component\\HttpKernel\\EventListener\\RouterListener',
  11 => 'Symfony\\Component\\HttpKernel\\Controller\\ControllerResolver',
  12 => 'Symfony\\Component\\HttpKernel\\Event\\KernelEvent',
  13 => 'Symfony\\Component\\HttpKernel\\Event\\FilterControllerEvent',
  14 => 'Symfony\\Component\\HttpKernel\\Event\\FilterResponseEvent',
  15 => 'Symfony\\Component\\HttpKernel\\Event\\GetResponseEvent',
  16 => 'Symfony\\Component\\HttpKernel\\Event\\GetResponseForControllerResultEvent',
  17 => 'Symfony\\Component\\HttpKernel\\Event\\GetResponseForExceptionEvent',
  18 => 'Symfony\\Component\\HttpKernel\\KernelEvents',
  19 => 'Symfony\\Component\\HttpKernel\\Config\\FileLocator',
  20 => 'Symfony\\Bundle\\FrameworkBundle\\Controller\\ControllerNameParser',
  21 => 'Symfony\\Bundle\\FrameworkBundle\\Controller\\ControllerResolver',
);